[{ "Word":"Hello", "Awesomeness":2000 },{ "Word":"World", "Awesomeness":3000 },{ "Word":"ABC","Awesomeness":1000 }]
